--------------------------------------------------------------------------------------
Timing Analyzer Summary
--------------------------------------------------------------------------------------

Type           : Worst-case tsu
Slack          : N/A
Required Time  : None
Actual Time    : 2.387 ns
From           : SDATA_CDCL6010
To             : SDATA_D
From Clock     : --
To Clock       : CLK_12M
Failed Paths   : 0

Type           : Worst-case tco
Slack          : N/A
Required Time  : None
Actual Time    : 8.690 ns
From           : EN_DVDD_1V8~reg0
To             : EN_DVDD_1V8
From Clock     : CLK_12M
To Clock       : --
Failed Paths   : 0

Type           : Worst-case th
Slack          : N/A
Required Time  : None
Actual Time    : -1.275 ns
From           : SDATA_CDCE906
To             : SDATA_D
From Clock     : --
To Clock       : CLK_12M
Failed Paths   : 0

Type           : Clock Setup: 'CLK_12M'
Slack          : N/A
Required Time  : None
Actual Time    : 46.73 MHz ( period = 21.399 ns )
From           : COUNTER[1]
To             : kickoff_num_CDCL6010[2]
From Clock     : CLK_12M
To Clock       : CLK_12M
Failed Paths   : 0

Type           : Total number of failed paths
Slack          : 
Required Time  : 
Actual Time    : 
From           : 
To             : 
From Clock     : 
To Clock       : 
Failed Paths   : 0

--------------------------------------------------------------------------------------

